C:/TouchGFXProjects/MotorController/Core/Src/main.c:747:6:StartDefaultTask	1
C:/TouchGFXProjects/MotorController/Core/Src/main.c:221:6:SystemClock_Config	2
C:/TouchGFXProjects/MotorController/Core/Src/main.c:662:6:InitTIM15_OC	1
C:/TouchGFXProjects/MotorController/Core/Src/main.c:118:5:main	5
C:/TouchGFXProjects/MotorController/Core/Src/main.c:700:6:HAL_TIM_OC_MspInit	2
C:/TouchGFXProjects/MotorController/Core/Src/main.c:712:6:HAL_GPIO_EXTI_Callback	3
C:/TouchGFXProjects/MotorController/Core/Src/main.c:720:6:HAL_TIM_OC_DelayElapsedCallback	4
C:/TouchGFXProjects/MotorController/Core/Src/main.c:838:6:HAL_TIM_PeriodElapsedCallback	2
C:/TouchGFXProjects/MotorController/Core/Src/main.c:855:6:Error_Handler	1
