C:/TouchGFXProjects/MotorController/Core/Src/main.c:747:6:StartDefaultTask	8	static
C:/TouchGFXProjects/MotorController/Core/Src/main.c:221:6:SystemClock_Config	136	static
C:/TouchGFXProjects/MotorController/Core/Src/main.c:662:6:InitTIM15_OC	88	static
C:/TouchGFXProjects/MotorController/Core/Src/main.c:118:5:main	112	static,ignoring_inline_asm
C:/TouchGFXProjects/MotorController/Core/Src/main.c:700:6:HAL_TIM_OC_MspInit	16	static
C:/TouchGFXProjects/MotorController/Core/Src/main.c:712:6:HAL_GPIO_EXTI_Callback	0	static
C:/TouchGFXProjects/MotorController/Core/Src/main.c:720:6:HAL_TIM_OC_DelayElapsedCallback	0	static
C:/TouchGFXProjects/MotorController/Core/Src/main.c:838:6:HAL_TIM_PeriodElapsedCallback	0	static
C:/TouchGFXProjects/MotorController/Core/Src/main.c:855:6:Error_Handler	0	static
